; Fresh Stage 2 v3 setup: exact-step motion, formal physics, reports; no solve.
/file/read "D:/CFD/stage2_prescribed_motion_ogrid_v1/openfoam_ogrid_3d/fluentInterface/openfoam_ogrid_3d.msh"
/define/models/unsteady-1st-order
yes
/define/models/viscous/laminar
yes
/define/materials/change-create
air

yes

1
no
no
yes

0.01
no
no
no
/define/boundary-conditions/zone-type
upper
symmetry
/define/boundary-conditions/zone-type
lower
symmetry
/define/boundary-conditions/zone-type
front
symmetry
/define/boundary-conditions/zone-type
back
symmetry
/define/boundary-conditions/zone-type
cylinder
wall
/define/boundary-conditions/zone-type
inlet
velocity-inlet
/define/boundary-conditions/velocity-inlet
inlet
yes

no
1
no

no
1
no
0
no
0
/define/user-defined/compiled-functions load
libudf_step_backward
/define/dynamic-mesh
dynamic-mesh?
yes
no
no
no
no
zones
create
fluid-1
deforming
yes
yes
no
0
1000
0.9
create
cylinder
rigid-body
stage2_cylinder_motion_step_exact::libudf_step_backward
no
no








no
no
q
/solve/report-definitions/add
drag-force
drag
thread-names
cylinder

force-vector
1
0
0
q
/solve/report-definitions/add
lift-force
lift
thread-names
cylinder

force-vector
0
1
0
q
/solve/report-definitions/add
moment-z
moment
thread-names
cylinder

mom-center
0
0
0
mom-axis
0
0
1
q
/solve/report-files/add
drag-force-rfile
file-name
drag-force-rfile.out
report-defs
drag-force

frequency
1
print?
no
active?
yes
q
/solve/report-files/add
lift-force-rfile
file-name
lift-force-rfile.out
report-defs
lift-force

frequency
1
print?
no
active?
yes
q
/solve/report-files/add
moment-z-rfile
file-name
moment-z-rfile.out
report-defs
moment-z

frequency
1
print?
no
active?
yes
q
/solve/initialize/initialize-flow
/solve/set/time-step 0.0025
/file/write-case-data "stage2_v3_formal_t0"
/exit yes
